Archive member included to satisfy reference by file (symbol)

/usr/lib/gcc/arm-none-eabi/10.1.0/../../../../arm-none-eabi/lib/thumb/v7-m/nofp/libm.a(lib_a-s_sin.o)
                              ./objs/dac_tim.o (sin)
/usr/lib/gcc/arm-none-eabi/10.1.0/../../../../arm-none-eabi/lib/thumb/v7-m/nofp/libm.a(lib_a-e_rem_pio2.o)
                              /usr/lib/gcc/arm-none-eabi/10.1.0/../../../../arm-none-eabi/lib/thumb/v7-m/nofp/libm.a(lib_a-s_sin.o) (__ieee754_rem_pio2)
/usr/lib/gcc/arm-none-eabi/10.1.0/../../../../arm-none-eabi/lib/thumb/v7-m/nofp/libm.a(lib_a-k_cos.o)
                              /usr/lib/gcc/arm-none-eabi/10.1.0/../../../../arm-none-eabi/lib/thumb/v7-m/nofp/libm.a(lib_a-s_sin.o) (__kernel_cos)
/usr/lib/gcc/arm-none-eabi/10.1.0/../../../../arm-none-eabi/lib/thumb/v7-m/nofp/libm.a(lib_a-k_rem_pio2.o)
                              /usr/lib/gcc/arm-none-eabi/10.1.0/../../../../arm-none-eabi/lib/thumb/v7-m/nofp/libm.a(lib_a-e_rem_pio2.o) (__kernel_rem_pio2)
/usr/lib/gcc/arm-none-eabi/10.1.0/../../../../arm-none-eabi/lib/thumb/v7-m/nofp/libm.a(lib_a-k_sin.o)
                              /usr/lib/gcc/arm-none-eabi/10.1.0/../../../../arm-none-eabi/lib/thumb/v7-m/nofp/libm.a(lib_a-s_sin.o) (__kernel_sin)
/usr/lib/gcc/arm-none-eabi/10.1.0/../../../../arm-none-eabi/lib/thumb/v7-m/nofp/libm.a(lib_a-s_fabs.o)
                              /usr/lib/gcc/arm-none-eabi/10.1.0/../../../../arm-none-eabi/lib/thumb/v7-m/nofp/libm.a(lib_a-e_rem_pio2.o) (fabs)
/usr/lib/gcc/arm-none-eabi/10.1.0/../../../../arm-none-eabi/lib/thumb/v7-m/nofp/libm.a(lib_a-s_floor.o)
                              /usr/lib/gcc/arm-none-eabi/10.1.0/../../../../arm-none-eabi/lib/thumb/v7-m/nofp/libm.a(lib_a-k_rem_pio2.o) (floor)
/usr/lib/gcc/arm-none-eabi/10.1.0/../../../../arm-none-eabi/lib/thumb/v7-m/nofp/libm.a(lib_a-s_scalbn.o)
                              /usr/lib/gcc/arm-none-eabi/10.1.0/../../../../arm-none-eabi/lib/thumb/v7-m/nofp/libm.a(lib_a-k_rem_pio2.o) (scalbn)
/usr/lib/gcc/arm-none-eabi/10.1.0/thumb/v7-m/nofp/libgcc.a(_arm_muldf3.o)
                              ./objs/dac_tim.o (__aeabi_dmul)
/usr/lib/gcc/arm-none-eabi/10.1.0/thumb/v7-m/nofp/libgcc.a(_arm_mulsf3.o)
                              ./objs/dac_tim.o (__aeabi_fmul)
/usr/lib/gcc/arm-none-eabi/10.1.0/thumb/v7-m/nofp/libgcc.a(_arm_addsubdf3.o)
                              /usr/lib/gcc/arm-none-eabi/10.1.0/../../../../arm-none-eabi/lib/thumb/v7-m/nofp/libm.a(lib_a-s_sin.o) (__aeabi_dsub)
/usr/lib/gcc/arm-none-eabi/10.1.0/thumb/v7-m/nofp/libgcc.a(_arm_cmpdf2.o)
                              /usr/lib/gcc/arm-none-eabi/10.1.0/../../../../arm-none-eabi/lib/thumb/v7-m/nofp/libm.a(lib_a-e_rem_pio2.o) (__aeabi_dcmpeq)
/usr/lib/gcc/arm-none-eabi/10.1.0/thumb/v7-m/nofp/libgcc.a(_arm_fixdfsi.o)
                              /usr/lib/gcc/arm-none-eabi/10.1.0/../../../../arm-none-eabi/lib/thumb/v7-m/nofp/libm.a(lib_a-e_rem_pio2.o) (__aeabi_d2iz)
/usr/lib/gcc/arm-none-eabi/10.1.0/thumb/v7-m/nofp/libgcc.a(_arm_truncdfsf2.o)
                              ./objs/dac_tim.o (__aeabi_d2f)
/usr/lib/gcc/arm-none-eabi/10.1.0/thumb/v7-m/nofp/libgcc.a(_arm_addsubsf3.o)
                              ./objs/dac_tim.o (__aeabi_fadd)
/usr/lib/gcc/arm-none-eabi/10.1.0/thumb/v7-m/nofp/libgcc.a(_arm_cmpsf2.o)
                              ./objs/dac_tim.o (__aeabi_fcmpgt)
/usr/lib/gcc/arm-none-eabi/10.1.0/thumb/v7-m/nofp/libgcc.a(_arm_fixunssfsi.o)
                              ./objs/dac_tim.o (__aeabi_f2uiz)
/home/rapha/Documents/GPRUFS/STM32_libopencm3_toolchain/libopencm3/lib/libopencm3_stm32f1.a(gpio.o)
                              ./objs/dac_tim.o (gpio_set_mode)
/home/rapha/Documents/GPRUFS/STM32_libopencm3_toolchain/libopencm3/lib/libopencm3_stm32f1.a(gpio_common_all.o)
                              ./objs/dac_tim.o (gpio_set)
/home/rapha/Documents/GPRUFS/STM32_libopencm3_toolchain/libopencm3/lib/libopencm3_stm32f1.a(rcc.o)
                              ./objs/dac_tim.o (rcc_clock_setup_in_hse_8mhz_out_72mhz)
/home/rapha/Documents/GPRUFS/STM32_libopencm3_toolchain/libopencm3/lib/libopencm3_stm32f1.a(rcc_common_all.o)
                              ./objs/dac_tim.o (rcc_periph_clock_enable)
/home/rapha/Documents/GPRUFS/STM32_libopencm3_toolchain/libopencm3/lib/libopencm3_stm32f1.a(timer_common_all.o)
                              ./objs/dac_tim.o (timer_enable_irq)
/home/rapha/Documents/GPRUFS/STM32_libopencm3_toolchain/libopencm3/lib/libopencm3_stm32f1.a(vector.o)
                              (reset_handler)
/home/rapha/Documents/GPRUFS/STM32_libopencm3_toolchain/libopencm3/lib/libopencm3_stm32f1.a(systick.o)
                              ./objs/time_stm32.o (systick_set_reload)
/home/rapha/Documents/GPRUFS/STM32_libopencm3_toolchain/libopencm3/lib/libopencm3_stm32f1.a(nvic.o)
                              ./objs/dac_tim.o (nvic_enable_irq)
/home/rapha/Documents/GPRUFS/STM32_libopencm3_toolchain/libopencm3/lib/libopencm3_stm32f1.a(assert.o)
[...]
Memory Configuration

Name             Origin             Length             Attributes
rom              0x0000000008000000 0x0000000000010000 xr
ram              0x0000000020000000 0x0000000000005000 xrw
*default*        0x0000000000000000 0xffffffffffffffff

Linker script and memory map

LOAD ./objs/dac_tim.o
LOAD ./objs/time_stm32.o
START GROUP
LOAD /usr/lib/gcc/arm-none-eabi/10.1.0/../../../../arm-none-eabi/lib/thumb/v7-m/nofp/libc.a
LOAD /usr/lib/gcc/arm-none-eabi/10.1.0/../../../../arm-none-eabi/lib/thumb/v7-m/nofp/libm.a
LOAD /usr/lib/gcc/arm-none-eabi/10.1.0/thumb/v7-m/nofp/libgcc.a
LOAD /usr/lib/gcc/arm-none-eabi/10.1.0/../../../../arm-none-eabi/lib/thumb/v7-m/nofp/libnosys.a
END GROUP
LOAD /home/rapha/Documents/GPRUFS/STM32_libopencm3_toolchain//rtos/libwwg/libwwg.a
LOAD /home/rapha/Documents/GPRUFS/STM32_libopencm3_toolchain/libopencm3/lib/libopencm3_stm32f1.a
START GROUP
LOAD /usr/lib/gcc/arm-none-eabi/10.1.0/thumb/v7-m/nofp/libgcc.a
LOAD /usr/lib/gcc/arm-none-eabi/10.1.0/../../../../arm-none-eabi/lib/thumb/v7-m/nofp/libc.a
END GROUP
START GROUP
LOAD /usr/lib/gcc/arm-none-eabi/10.1.0/thumb/v7-m/nofp/libgcc.a
LOAD /usr/lib/gcc/arm-none-eabi/10.1.0/../../../../arm-none-eabi/lib/thumb/v7-m/nofp/libc.a
LOAD /usr/lib/gcc/arm-none-eabi/10.1.0/../../../../arm-none-eabi/lib/thumb/v7-m/nofp/libnosys.a
END GROUP

.text           0x0000000008000000     0x2ac8
 *(.vectors)
 .vectors       0x0000000008000000      0x150 /home/rapha/Documents/GPRUFS/STM32_libopencm3_toolchain/libopencm3/lib/libopencm3_stm32f1.a(vector.o)
                0x0000000008000000                vector_table
 *(.text*)
 .text.tim2_isr
                0x0000000008000150       0x24 ./objs/dac_tim.o
                0x0000000008000150                tim2_isr
 .text.gpio_setup
                0x0000000008000174       0xfc ./objs/dac_tim.o
                0x0000000008000174                gpio_setup
 .text.tim2_setup
                0x0000000008000270       0x5a ./objs/dac_tim.o
                0x0000000008000270                tim2_setup
 *fill*         0x00000000080002ca        0x2 
 .text.floatToChar
                0x00000000080002cc       0x24 ./objs/dac_tim.o
                0x00000000080002cc                floatToChar
 .text.updateOutput
                0x00000000080002f0       0xe8 ./objs/dac_tim.o
                0x00000000080002f0                updateOutput
 .text.main     0x00000000080003d8       0xf4 ./objs/dac_tim.o
                0x00000000080003d8                main
 .text.__empty  0x00000000080004cc        0x2 ./objs/time_stm32.o
                0x00000000080004cc                sys_tick_handler_v
 *fill*         0x00000000080004ce        0x2 
 .text.delay_ms
                0x00000000080004d0       0x14 ./objs/time_stm32.o
                0x00000000080004d0                delay_ms
 .text.time_init
                0x00000000080004e4       0x30 ./objs/time_stm32.o
                0x00000000080004e4                time_init
 .text.sys_tick_handler
                0x0000000008000514       0x14 ./objs/time_stm32.o
                0x0000000008000514                sys_tick_handler
 .text.sin      0x0000000008000528       0xac /usr/lib/gcc/arm-none-eabi/10.1.0/../../../../arm-none-eabi/lib/thumb/v7-m/nofp/libm.a(lib_a-s_sin.o)
                0x0000000008000528                sin
 *fill*         0x00000000080005d4        0x4 
 .text.__ieee754_rem_pio2
                0x00000000080005d8      0x44c /usr/lib/gcc/arm-none-eabi/10.1.0/../../../../arm-none-eabi/lib/thumb/v7-m/nofp/libm.a(lib_a-e_rem_pio2.o)
                0x00000000080005d8                __ieee754_rem_pio2
 *fill*         0x0000000008000a24        0x4 
 .text.__kernel_cos
                0x0000000008000a28      0x250 /usr/lib/gcc/arm-none-eabi/10.1.0/../../../../arm-none-eabi/lib/thumb/v7-m/nofp/libm.a(lib_a-k_cos.o)
                0x0000000008000a28                __kernel_cos
 .text.__kernel_rem_pio2
                0x0000000008000c78      0x85c /usr/lib/gcc/arm-none-eabi/10.1.0/../../../../arm-none-eabi/lib/thumb/v7-m/nofp/libm.a(lib_a-k_rem_pio2.o)
                0x0000000008000c78                __kernel_rem_pio2
 *fill*         0x00000000080014d4        0x4 
 .text.__kernel_sin
                0x00000000080014d8      0x184 /usr/lib/gcc/arm-none-eabi/10.1.0/../../../../arm-none-eabi/lib/thumb/v7-m/nofp/libm.a(lib_a-k_sin.o)
                0x00000000080014d8                __kernel_sin
 .text.fabs     0x000000000800165c        0x8 /usr/lib/gcc/arm-none-eabi/10.1.0/../../../../arm-none-eabi/lib/thumb/v7-m/nofp/libm.a(lib_a-s_fabs.o)
                0x000000000800165c                fabs
 *fill*         0x0000000008001664        0x4 
 .text.floor    0x0000000008001668       0xf8 /usr/lib/gcc/arm-none-eabi/10.1.0/../../../../arm-none-eabi/lib/thumb/v7-m/nofp/libm.a(lib_a-s_floor.o)
                0x0000000008001668                floor
 .text.scalbn   0x0000000008001760       0xf4 /usr/lib/gcc/arm-none-eabi/10.1.0/../../../../arm-none-eabi/lib/thumb/v7-m/nofp/libm.a(lib_a-s_scalbn.o)
                0x0000000008001760                scalbn
 .text          0x0000000008001854      0x254 /usr/lib/gcc/arm-none-eabi/10.1.0/thumb/v7-m/nofp/libgcc.a(_arm_muldf3.o)
                0x0000000008001854                __aeabi_dmul
                0x0000000008001854                __muldf3
 .text          0x0000000008001aa8      0x168 /usr/lib/gcc/arm-none-eabi/10.1.0/thumb/v7-m/nofp/libgcc.a(_arm_mulsf3.o)
                0x0000000008001aa8                __mulsf3
                0x0000000008001aa8                __aeabi_fmul
 .text          0x0000000008001c10      0x378 /usr/lib/gcc/arm-none-eabi/10.1.0/thumb/v7-m/nofp/libgcc.a(_arm_addsubdf3.o)
                0x0000000008001c10                __aeabi_drsub
                0x0000000008001c18                __aeabi_dsub
                0x0000000008001c18                __subdf3
                0x0000000008001c1c                __adddf3
                0x0000000008001c1c                __aeabi_dadd
                0x0000000008001e94                __aeabi_ui2d
                0x0000000008001e94                __floatunsidf
                0x0000000008001eb4                __floatsidf
                0x0000000008001eb4                __aeabi_i2d
                0x0000000008001ed8                __extendsfdf2
                0x0000000008001ed8                __aeabi_f2d
                0x0000000008001f1c                __aeabi_ul2d
                0x0000000008001f1c                __floatundidf
                0x0000000008001f2c                __floatdidf
                0x0000000008001f2c                __aeabi_l2d
 .text          0x0000000008001f88      0x110 /usr/lib/gcc/arm-none-eabi/10.1.0/thumb/v7-m/nofp/libgcc.a(_arm_cmpdf2.o)
                0x0000000008001f88                __gtdf2
                0x0000000008001f88                __gedf2
                0x0000000008001f90                __ltdf2
                0x0000000008001f90                __ledf2
                0x0000000008001f98                __cmpdf2
                0x0000000008001f98                __eqdf2
                0x0000000008001f98                __nedf2
                0x0000000008002014                __aeabi_cdrcmple
                0x0000000008002024                __aeabi_cdcmple
                0x0000000008002024                __aeabi_cdcmpeq
                0x0000000008002034                __aeabi_dcmpeq
                0x0000000008002048                __aeabi_dcmplt
                0x000000000800205c                __aeabi_dcmple
                0x0000000008002070                __aeabi_dcmpge
                0x0000000008002084                __aeabi_dcmpgt
 .text          0x0000000008002098       0x50 /usr/lib/gcc/arm-none-eabi/10.1.0/thumb/v7-m/nofp/libgcc.a(_arm_fixdfsi.o)
                0x0000000008002098                __fixdfsi
                0x0000000008002098                __aeabi_d2iz
 .text          0x00000000080020e8       0xa0 /usr/lib/gcc/arm-none-eabi/10.1.0/thumb/v7-m/nofp/libgcc.a(_arm_truncdfsf2.o)
                0x00000000080020e8                __aeabi_d2f
                0x00000000080020e8                __truncdfsf2
 .text          0x0000000008002188      0x21c /usr/lib/gcc/arm-none-eabi/10.1.0/thumb/v7-m/nofp/libgcc.a(_arm_addsubsf3.o)
                0x0000000008002188                __aeabi_frsub
                0x0000000008002190                __subsf3
                0x0000000008002190                __aeabi_fsub
                0x0000000008002194                __aeabi_fadd
                0x0000000008002194                __addsf3
                0x00000000080022f4                __aeabi_ui2f
                0x00000000080022f4                __floatunsisf
                0x00000000080022fc                __aeabi_i2f
                0x00000000080022fc                __floatsisf
                0x0000000008002318                __floatundisf
                0x0000000008002318                __aeabi_ul2f
                0x0000000008002328                __floatdisf
                0x0000000008002328                __aeabi_l2f
 .text          0x00000000080023a4       0xec /usr/lib/gcc/arm-none-eabi/10.1.0/thumb/v7-m/nofp/libgcc.a(_arm_cmpsf2.o)
                0x00000000080023a4                __gtsf2
                0x00000000080023a4                __gesf2
                0x00000000080023ac                __lesf2
                0x00000000080023ac                __ltsf2
                0x00000000080023b4                __nesf2
                0x00000000080023b4                __eqsf2
                0x00000000080023b4                __cmpsf2
                0x0000000008002414                __aeabi_cfrcmple
                0x000000000800241c                __aeabi_cfcmple
                0x000000000800241c                __aeabi_cfcmpeq
                0x000000000800242c                __aeabi_fcmpeq
                0x0000000008002440                __aeabi_fcmplt
                0x0000000008002454                __aeabi_fcmple
                0x0000000008002468                __aeabi_fcmpge
                0x000000000800247c                __aeabi_fcmpgt
 .text          0x0000000008002490       0x40 /usr/lib/gcc/arm-none-eabi/10.1.0/thumb/v7-m/nofp/libgcc.a(_arm_fixunssfsi.o)
                0x0000000008002490                __aeabi_f2uiz
                0x0000000008002490                __fixunssfsi
 .text.gpio_set_mode
                0x00000000080024d0       0x5e /home/rapha/Documents/GPRUFS/STM32_libopencm3_toolchain/libopencm3/lib/libopencm3_stm32f1.a(gpio.o)
                0x00000000080024d0                gpio_set_mode
 .text.gpio_set
                0x000000000800252e        0x4 /home/rapha/Documents/GPRUFS/STM32_libopencm3_toolchain/libopencm3/lib/libopencm3_stm32f1.a(gpio_common_all.o)
                0x000000000800252e                gpio_set
 .text.gpio_clear
                0x0000000008002532        0x6 /home/rapha/Documents/GPRUFS/STM32_libopencm3_toolchain/libopencm3/lib/libopencm3_stm32f1.a(gpio_common_all.o)
                0x0000000008002532                gpio_clear
 .text.gpio_toggle
                0x0000000008002538       0x12 /home/rapha/Documents/GPRUFS/STM32_libopencm3_toolchain/libopencm3/lib/libopencm3_stm32f1.a(gpio_common_all.o)
                0x0000000008002538                gpio_toggle
 *fill*         0x000000000800254a        0x2 
 .text.rcc_osc_on.part.1
                0x000000000800254c       0x10 /home/rapha/Documents/GPRUFS/STM32_libopencm3_toolchain/libopencm3/lib/libopencm3_stm32f1.a(rcc.o)
 .text.rcc_is_osc_ready
                0x000000000800255c       0x5c /home/rapha/Documents/GPRUFS/STM32_libopencm3_toolchain/libopencm3/lib/libopencm3_stm32f1.a(rcc.o)
                0x000000000800255c                rcc_is_osc_ready
 .text.rcc_wait_for_osc_ready
                0x00000000080025b8       0x10 /home/rapha/Documents/GPRUFS/STM32_libopencm3_toolchain/libopencm3/lib/libopencm3_stm32f1.a(rcc.o)
                0x00000000080025b8                rcc_wait_for_osc_ready
 .text.rcc_osc_on
                0x00000000080025c8       0x54 /home/rapha/Documents/GPRUFS/STM32_libopencm3_toolchain/libopencm3/lib/libopencm3_stm32f1.a(rcc.o)
                0x00000000080025c8                rcc_osc_on
 .text.rcc_set_sysclk_source
                0x000000000800261c       0x14 /home/rapha/Documents/GPRUFS/STM32_libopencm3_toolchain/libopencm3/lib/libopencm3_stm32f1.a(rcc.o)
                0x000000000800261c                rcc_set_sysclk_source
 .text.rcc_set_pll_multiplication_factor
                0x0000000008002630       0x14 /home/rapha/Documents/GPRUFS/STM32_libopencm3_toolchain/libopencm3/lib/libopencm3_stm32f1.a(rcc.o)
                0x0000000008002630                rcc_set_pll_multiplication_factor
 .text.rcc_set_pll_source
                0x0000000008002644       0x14 /home/rapha/Documents/GPRUFS/STM32_libopencm3_toolchain/libopencm3/lib/libopencm3_stm32f1.a(rcc.o)
                0x0000000008002644                rcc_set_pll_source
 .text.rcc_set_pllxtpre
                0x0000000008002658       0x14 /home/rapha/Documents/GPRUFS/STM32_libopencm3_toolchain/libopencm3/lib/libopencm3_stm32f1.a(rcc.o)
                0x0000000008002658                rcc_set_pllxtpre
 .text.rcc_set_adcpre
                0x000000000800266c       0x14 /home/rapha/Documents/GPRUFS/STM32_libopencm3_toolchain/libopencm3/lib/libopencm3_stm32f1.a(rcc.o)
                0x000000000800266c                rcc_set_adcpre
 .text.rcc_set_ppre2
                0x0000000008002680       0x14 /home/rapha/Documents/GPRUFS/STM32_libopencm3_toolchain/libopencm3/lib/libopencm3_stm32f1.a(rcc.o)
                0x0000000008002680                rcc_set_ppre2
 .text.rcc_set_ppre1
                0x0000000008002694       0x14 /home/rapha/Documents/GPRUFS/STM32_libopencm3_toolchain/libopencm3/lib/libopencm3_stm32f1.a(rcc.o)
                0x0000000008002694                rcc_set_ppre1
 .text.rcc_set_hpre
                0x00000000080026a8       0x14 /home/rapha/Documents/GPRUFS/STM32_libopencm3_toolchain/libopencm3/lib/libopencm3_stm32f1.a(rcc.o)
                0x00000000080026a8                rcc_set_hpre
 .text.rcc_clock_setup_in_hse_8mhz_out_72mhz
                0x00000000080026bc       0x8c /home/rapha/Documents/GPRUFS/STM32_libopencm3_toolchain/libopencm3/lib/libopencm3_stm32f1.a(rcc.o)
                0x00000000080026bc                rcc_clock_setup_in_hse_8mhz_out_72mhz
 .text.rcc_periph_clock_enable
                0x0000000008002748       0x1a /home/rapha/Documents/GPRUFS/STM32_libopencm3_toolchain/libopencm3/lib/libopencm3_stm32f1.a(rcc_common_all.o)
                0x0000000008002748                rcc_periph_clock_enable
 .text.timer_enable_irq
                0x0000000008002762        0x8 /home/rapha/Documents/GPRUFS/STM32_libopencm3_toolchain/libopencm3/lib/libopencm3_stm32f1.a(timer_common_all.o)
                0x0000000008002762                timer_enable_irq
 .text.timer_clear_flag
                0x000000000800276a        0x6 /home/rapha/Documents/GPRUFS/STM32_libopencm3_toolchain/libopencm3/lib/libopencm3_stm32f1.a(timer_common_all.o)
                0x000000000800276a                timer_clear_flag
 .text.timer_set_mode
                0x0000000008002770       0x12 /home/rapha/Documents/GPRUFS/STM32_libopencm3_toolchain/libopencm3/lib/libopencm3_stm32f1.a(timer_common_all.o)
                0x0000000008002770                timer_set_mode
 .text.timer_enable_counter
                0x0000000008002782        0xa /home/rapha/Documents/GPRUFS/STM32_libopencm3_toolchain/libopencm3/lib/libopencm3_stm32f1.a(timer_common_all.o)
                0x0000000008002782                timer_enable_counter
 .text.timer_set_prescaler
                0x000000000800278c        0x4 /home/rapha/Documents/GPRUFS/STM32_libopencm3_toolchain/libopencm3/lib/libopencm3_stm32f1.a(timer_common_all.o)
                0x000000000800278c                timer_set_prescaler
 .text.timer_set_period
                0x0000000008002790        0x4 /home/rapha/Documents/GPRUFS/STM32_libopencm3_toolchain/libopencm3/lib/libopencm3_stm32f1.a(timer_common_all.o)
                0x0000000008002790                timer_set_period
 .text.timer_set_oc_value
                0x0000000008002794       0x20 /home/rapha/Documents/GPRUFS/STM32_libopencm3_toolchain/libopencm3/lib/libopencm3_stm32f1.a(timer_common_all.o)
                0x0000000008002794                timer_set_oc_value
 .text.timer_set_counter
                0x00000000080027b4        0x4 /home/rapha/Documents/GPRUFS/STM32_libopencm3_toolchain/libopencm3/lib/libopencm3_stm32f1.a(timer_common_all.o)
                0x00000000080027b4                timer_set_counter
 .text.blocking_handler
                0x00000000080027b8        0x2 /home/rapha/Documents/GPRUFS/STM32_libopencm3_toolchain/libopencm3/lib/libopencm3_stm32f1.a(vector.o)
                0x00000000080027b8                usart3_isr
                0x00000000080027b8                rtc_isr
                0x00000000080027b8                tim7_isr
                0x00000000080027b8                adc1_2_isr
                0x00000000080027b8                tim1_trg_com_isr
                0x00000000080027b8                usb_hp_can_tx_isr
                0x00000000080027b8                tim6_isr
                0x00000000080027b8                usb_wakeup_isr
                0x00000000080027b8                blocking_handler
                0x00000000080027b8                tim5_isr
                0x00000000080027b8                otg_fs_isr
                0x00000000080027b8                spi1_isr
                0x00000000080027b8                exti2_isr
                0x00000000080027b8                dma1_channel6_isr
                0x00000000080027b8                can_rx1_isr
                0x00000000080027b8                dma1_channel5_isr
                0x00000000080027b8                dma2_channel5_isr
                0x00000000080027b8                usart1_isr
                0x00000000080027b8                usage_fault_handler
                0x00000000080027b8                tim8_trg_com_isr
                0x00000000080027b8                can2_rx0_isr
                0x00000000080027b8                tim1_brk_isr
                0x00000000080027b8                can2_rx1_isr
                0x00000000080027b8                tim1_cc_isr
                0x00000000080027b8                sdio_isr
                0x00000000080027b8                eth_isr
                0x00000000080027b8                dma1_channel4_isr
                0x00000000080027b8                tim8_brk_isr
                0x00000000080027b8                dma2_channel4_5_isr
                0x00000000080027b8                pvd_isr
                0x00000000080027b8                rcc_isr
                0x00000000080027b8                flash_isr
                0x00000000080027b8                uart4_isr
                0x00000000080027b8                rtc_alarm_isr
                0x00000000080027b8                exti15_10_isr
                0x00000000080027b8                hard_fault_handler
                0x00000000080027b8                exti1_isr
                0x00000000080027b8                i2c1_ev_isr
                0x00000000080027b8                dma2_channel1_isr
                0x00000000080027b8                spi2_isr
                0x00000000080027b8                tim8_up_isr
                0x00000000080027b8                dma2_channel2_isr
                0x00000000080027b8                exti3_isr
                0x00000000080027b8                adc3_isr
                0x00000000080027b8                tim3_isr
                0x00000000080027b8                usart2_isr
                0x00000000080027b8                usb_lp_can_rx0_isr
                0x00000000080027b8                i2c2_er_isr
                0x00000000080027b8                i2c2_ev_isr
                0x00000000080027b8                uart5_isr
                0x00000000080027b8                fsmc_isr
                0x00000000080027b8                dma1_channel1_isr
                0x00000000080027b8                exti4_isr
                0x00000000080027b8                mem_manage_handler
                0x00000000080027b8                can2_tx_isr
                0x00000000080027b8                exti9_5_isr
                0x00000000080027b8                dma2_channel3_isr
                0x00000000080027b8                dma1_channel7_isr
                0x00000000080027b8                tim1_up_isr
                0x00000000080027b8                can2_sce_isr
                0x00000000080027b8                tim4_isr
                0x00000000080027b8                dma1_channel2_isr
                0x00000000080027b8                i2c1_er_isr
                0x00000000080027b8                can_sce_isr
                0x00000000080027b8                tim8_cc_isr
                0x00000000080027b8                tamper_isr
                0x00000000080027b8                eth_wkup_isr
                0x00000000080027b8                bus_fault_handler
                0x00000000080027b8                wwdg_isr
                0x00000000080027b8                dma1_channel3_isr
                0x00000000080027b8                spi3_isr
                0x00000000080027b8                exti0_isr
 .text.null_handler
                0x00000000080027ba        0x2 /home/rapha/Documents/GPRUFS/STM32_libopencm3_toolchain/libopencm3/lib/libopencm3_stm32f1.a(vector.o)
                0x00000000080027ba                null_handler
                0x00000000080027ba                sv_call_handler
                0x00000000080027ba                pend_sv_handler
                0x00000000080027ba                debug_monitor_handler
                0x00000000080027ba                nmi_handler
 .text.reset_handler
                0x00000000080027bc       0x90 /home/rapha/Documents/GPRUFS/STM32_libopencm3_toolchain/libopencm3/lib/libopencm3_stm32f1.a(vector.o)
                0x00000000080027bc                reset_handler
 .text.systick_set_reload
                0x000000000800284c       0x10 /home/rapha/Documents/GPRUFS/STM32_libopencm3_toolchain/libopencm3/lib/libopencm3_stm32f1.a(systick.o)
                0x000000000800284c                systick_set_reload
 .text.systick_set_clocksource
                0x000000000800285c       0x18 /home/rapha/Documents/GPRUFS/STM32_libopencm3_toolchain/libopencm3/lib/libopencm3_stm32f1.a(systick.o)
                0x000000000800285c                systick_set_clocksource
 .text.systick_interrupt_enable
                0x0000000008002874       0x10 /home/rapha/Documents/GPRUFS/STM32_libopencm3_toolchain/libopencm3/lib/libopencm3_stm32f1.a(systick.o)
                0x0000000008002874                systick_interrupt_enable
 .text.systick_counter_enable
                0x0000000008002884       0x10 /home/rapha/Documents/GPRUFS/STM32_libopencm3_toolchain/libopencm3/lib/libopencm3_stm32f1.a(systick.o)
                0x0000000008002884                systick_counter_enable
 .text.systick_clear
                0x0000000008002894        0xc /home/rapha/Documents/GPRUFS/STM32_libopencm3_toolchain/libopencm3/lib/libopencm3_stm32f1.a(systick.o)
                0x0000000008002894                systick_clear
 .text.nvic_enable_irq
                0x00000000080028a0       0x1a /home/rapha/Documents/GPRUFS/STM32_libopencm3_toolchain/libopencm3/lib/libopencm3_stm32f1.a(nvic.o)
                0x00000000080028a0                nvic_enable_irq
 *fill*         0x00000000080028ba        0x2 
 .text.nvic_set_priority
                0x00000000080028bc       0x20 /home/rapha/Documents/GPRUFS/STM32_libopencm3_toolchain/libopencm3/lib/libopencm3_stm32f1.a(nvic.o)
                0x00000000080028bc                nvic_set_priority
 .text.flash_set_ws
                0x00000000080028dc       0x14 /home/rapha/Documents/GPRUFS/STM32_libopencm3_toolchain/libopencm3/lib/libopencm3_stm32f1.a(flash_common_all.o)
                0x00000000080028dc                flash_set_ws
                0x00000000080028f0                . = ALIGN (0x4)
 *(.rodata*)
 .rodata.npio2_hw
                0x00000000080028f0       0x80 /usr/lib/gcc/arm-none-eabi/10.1.0/../../../../arm-none-eabi/lib/thumb/v7-m/nofp/libm.a(lib_a-e_rem_pio2.o)
 .rodata.two_over_pi
                0x0000000008002970      0x108 /usr/lib/gcc/arm-none-eabi/10.1.0/../../../../arm-none-eabi/lib/thumb/v7-m/nofp/libm.a(lib_a-e_rem_pio2.o)
 .rodata.PIo2   0x0000000008002a78       0x40 /usr/lib/gcc/arm-none-eabi/10.1.0/../../../../arm-none-eabi/lib/thumb/v7-m/nofp/libm.a(lib_a-k_rem_pio2.o)
 .rodata.init_jk
                0x0000000008002ab8       0x10 /usr/lib/gcc/arm-none-eabi/10.1.0/../../../../arm-none-eabi/lib/thumb/v7-m/nofp/libm.a(lib_a-k_rem_pio2.o)
                0x0000000008002ac8                . = ALIGN (0x4)

.glue_7         0x0000000008002ac8        0x0
 .glue_7        0x0000000008002ac8        0x0 linker stubs

.glue_7t        0x0000000008002ac8        0x0
 .glue_7t       0x0000000008002ac8        0x0 linker stubs

.vfp11_veneer   0x0000000008002ac8        0x0
 .vfp11_veneer  0x0000000008002ac8        0x0 linker stubs

.v4_bx          0x0000000008002ac8        0x0
 .v4_bx         0x0000000008002ac8        0x0 linker stubs

.iplt           0x0000000008002ac8        0x0
 .iplt          0x0000000008002ac8        0x0 ./objs/dac_tim.o

.rel.dyn        0x0000000008002ac8        0x0
 .rel.iplt      0x0000000008002ac8        0x0 ./objs/dac_tim.o

.preinit_array  0x0000000008002ac8        0x0
                0x0000000008002ac8                . = ALIGN (0x4)
                0x0000000008002ac8                __preinit_array_start = .
 *(.preinit_array)
                0x0000000008002ac8                __preinit_array_end = .

.init_array     0x0000000008002ac8        0x0
                0x0000000008002ac8                . = ALIGN (0x4)
                0x0000000008002ac8                __init_array_start = .
 *(SORT_BY_NAME(.init_array.*))
 *(.init_array)
                0x0000000008002ac8                __init_array_end = .

.fini_array     0x0000000008002ac8        0x0
                0x0000000008002ac8                . = ALIGN (0x4)
                0x0000000008002ac8                __fini_array_start = .
 *(.fini_array)
 *(SORT_BY_NAME(.fini_array.*))
                0x0000000008002ac8                __fini_array_end = .

.ARM.extab
 *(.ARM.extab*)

.ARM.exidx      0x0000000008002ac8        0x0
                0x0000000008002ac8                __exidx_start = .
 *(.ARM.exidx*)
                0x0000000008002ac8                __exidx_end = .
                0x0000000008002ac8                . = ALIGN (0x4)
                0x0000000008002ac8                _etext = .

.data           0x0000000020000000        0xc load address 0x0000000008002ac8
                0x0000000020000000                _data = .
 *(.data*)
 .data.rcc_ahb_frequency
                0x0000000020000000        0x4 /home/rapha/Documents/GPRUFS/STM32_libopencm3_toolchain/libopencm3/lib/libopencm3_stm32f1.a(rcc.o)
                0x0000000020000000                rcc_ahb_frequency
 .data.rcc_apb1_frequency
                0x0000000020000004        0x4 /home/rapha/Documents/GPRUFS/STM32_libopencm3_toolchain/libopencm3/lib/libopencm3_stm32f1.a(rcc.o)
                0x0000000020000004                rcc_apb1_frequency
 .data.rcc_apb2_frequency
                0x0000000020000008        0x4 /home/rapha/Documents/GPRUFS/STM32_libopencm3_toolchain/libopencm3/lib/libopencm3_stm32f1.a(rcc.o)
                0x0000000020000008                rcc_apb2_frequency
                0x000000002000000c                . = ALIGN (0x4)
                0x000000002000000c                _edata = .
                0x0000000008002ac8                _data_loadaddr = LOADADDR (.data)

.igot.plt       0x000000002000000c        0x0 load address 0x0000000008002ad4
 .igot.plt      0x000000002000000c        0x0 ./objs/dac_tim.o

.bss            0x000000002000000c        0x8 load address 0x0000000008002ad4
 *(.bss*)
 .bss.flag_amostra
                0x000000002000000c        0x4 ./objs/dac_tim.o
                0x000000002000000c                flag_amostra
 .bss.milliseconds
                0x0000000020000010        0x4 ./objs/time_stm32.o
 *(COMMON)
                0x0000000020000014                . = ALIGN (0x4)
                0x0000000020000014                _ebss = .

/DISCARD/
 *(.eh_frame)
                0x0000000020000014                . = ALIGN (0x4)
                0x0000000020000014                end = .
                0x0000000020005000                PROVIDE (_stack = (ORIGIN (ram) + LENGTH (ram)))
OUTPUT(./build/dac_tim.elf elf32-littlearm)
LOAD linker stubs

.debug_info     0x0000000000000000     0x46d9
 .debug_info    0x0000000000000000      0xbf6 ./objs/dac_tim.o
 .debug_info    0x0000000000000bf6      0x36e ./objs/time_stm32.o
 .debug_info    0x0000000000000f64      0x216 /home/rapha/Documents/GPRUFS/STM32_libopencm3_toolchain/libopencm3/lib/libopencm3_stm32f1.a(gpio.o)
 .debug_info    0x000000000000117a      0x266 /home/rapha/Documents/GPRUFS/STM32_libopencm3_toolchain/libopencm3/lib/libopencm3_stm32f1.a(gpio_common_all.o)
 .debug_info    0x00000000000013e0     0x128b /home/rapha/Documents/GPRUFS/STM32_libopencm3_toolchain/libopencm3/lib/libopencm3_stm32f1.a(rcc.o)
 .debug_info    0x000000000000266b      0x639 /home/rapha/Documents/GPRUFS/STM32_libopencm3_toolchain/libopencm3/lib/libopencm3_stm32f1.a(rcc_common_all.o)
 .debug_info    0x0000000000002ca4     0x113e /home/rapha/Documents/GPRUFS/STM32_libopencm3_toolchain/libopencm3/lib/libopencm3_stm32f1.a(timer_common_all.o)
 .debug_info    0x0000000000003de2      0x32a /home/rapha/Documents/GPRUFS/STM32_libopencm3_toolchain/libopencm3/lib/libopencm3_stm32f1.a(vector.o)
 .debug_info    0x000000000000410c      0x280 /home/rapha/Documents/GPRUFS/STM32_libopencm3_toolchain/libopencm3/lib/libopencm3_stm32f1.a(systick.o)
 .debug_info    0x000000000000438c      0x251 /home/rapha/Documents/GPRUFS/STM32_libopencm3_toolchain/libopencm3/lib/libopencm3_stm32f1.a(nvic.o)
 .debug_info    0x00000000000045dd       0xfc /home/rapha/Documents/GPRUFS/STM32_libopencm3_toolchain/libopencm3/lib/libopencm3_stm32f1.a(flash_common_all.o)

.debug_abbrev   0x0000000000000000      0xf9b
 .debug_abbrev  0x0000000000000000      0x1bb ./objs/dac_tim.o
 .debug_abbrev  0x00000000000001bb      0x1f0 ./objs/time_stm32.o
 .debug_abbrev  0x00000000000003ab       0xd0 /home/rapha/Documents/GPRUFS/STM32_libopencm3_toolchain/libopencm3/lib/libopencm3_stm32f1.a(gpio.o)
 .debug_abbrev  0x000000000000047b      0x116 /home/rapha/Documents/GPRUFS/STM32_libopencm3_toolchain/libopencm3/lib/libopencm3_stm32f1.a(gpio_common_all.o)
 .debug_abbrev  0x0000000000000591      0x2e4 /home/rapha/Documents/GPRUFS/STM32_libopencm3_toolchain/libopencm3/lib/libopencm3_stm32f1.a(rcc.o)
 .debug_abbrev  0x0000000000000875      0x158 /home/rapha/Documents/GPRUFS/STM32_libopencm3_toolchain/libopencm3/lib/libopencm3_stm32f1.a(rcc_common_all.o)
 .debug_abbrev  0x00000000000009cd      0x1b4 /home/rapha/Documents/GPRUFS/STM32_libopencm3_toolchain/libopencm3/lib/libopencm3_stm32f1.a(timer_common_all.o)
 .debug_abbrev  0x0000000000000b81      0x176 /home/rapha/Documents/GPRUFS/STM32_libopencm3_toolchain/libopencm3/lib/libopencm3_stm32f1.a(vector.o)
 .debug_abbrev  0x0000000000000cf7      0x155 /home/rapha/Documents/GPRUFS/STM32_libopencm3_toolchain/libopencm3/lib/libopencm3_stm32f1.a(systick.o)
 .debug_abbrev  0x0000000000000e4c       0xb5 /home/rapha/Documents/GPRUFS/STM32_libopencm3_toolchain/libopencm3/lib/libopencm3_stm32f1.a(nvic.o)
 .debug_abbrev  0x0000000000000f01       0x9a /home/rapha/Documents/GPRUFS/STM32_libopencm3_toolchain/libopencm3/lib/libopencm3_stm32f1.a(flash_common_all.o)

.debug_loc      0x0000000000000000     0x1458
 .debug_loc     0x0000000000000000      0x1c7 ./objs/dac_tim.o
 .debug_loc     0x00000000000001c7      0x11c ./objs/time_stm32.o
 .debug_loc     0x00000000000002e3      0x170 /home/rapha/Documents/GPRUFS/STM32_libopencm3_toolchain/libopencm3/lib/libopencm3_stm32f1.a(gpio.o)
 .debug_loc     0x0000000000000453       0xbe /home/rapha/Documents/GPRUFS/STM32_libopencm3_toolchain/libopencm3/lib/libopencm3_stm32f1.a(gpio_common_all.o)
 .debug_loc     0x0000000000000511      0x558 /home/rapha/Documents/GPRUFS/STM32_libopencm3_toolchain/libopencm3/lib/libopencm3_stm32f1.a(rcc.o)
 .debug_loc     0x0000000000000a69      0x128 /home/rapha/Documents/GPRUFS/STM32_libopencm3_toolchain/libopencm3/lib/libopencm3_stm32f1.a(rcc_common_all.o)
 .debug_loc     0x0000000000000b91      0x48d /home/rapha/Documents/GPRUFS/STM32_libopencm3_toolchain/libopencm3/lib/libopencm3_stm32f1.a(timer_common_all.o)
 .debug_loc     0x000000000000101e      0x114 /home/rapha/Documents/GPRUFS/STM32_libopencm3_toolchain/libopencm3/lib/libopencm3_stm32f1.a(vector.o)
 .debug_loc     0x0000000000001132      0x192 /home/rapha/Documents/GPRUFS/STM32_libopencm3_toolchain/libopencm3/lib/libopencm3_stm32f1.a(systick.o)
 .debug_loc     0x00000000000012c4      0x14d /home/rapha/Documents/GPRUFS/STM32_libopencm3_toolchain/libopencm3/lib/libopencm3_stm32f1.a(nvic.o)
 .debug_loc     0x0000000000001411       0x47 /home/rapha/Documents/GPRUFS/STM32_libopencm3_toolchain/libopencm3/lib/libopencm3_stm32f1.a(flash_common_all.o)

.debug_aranges  0x0000000000000000      0x678
 .debug_aranges
                0x0000000000000000       0x48 ./objs/dac_tim.o
 .debug_aranges
                0x0000000000000048       0x40 ./objs/time_stm32.o
 .debug_aranges
                0x0000000000000088       0x38 /home/rapha/Documents/GPRUFS/STM32_libopencm3_toolchain/libopencm3/lib/libopencm3_stm32f1.a(gpio.o)
 .debug_aranges
                0x00000000000000c0       0x50 /home/rapha/Documents/GPRUFS/STM32_libopencm3_toolchain/libopencm3/lib/libopencm3_stm32f1.a(gpio_common_all.o)
 .debug_aranges
                0x0000000000000110      0x158 /home/rapha/Documents/GPRUFS/STM32_libopencm3_toolchain/libopencm3/lib/libopencm3_stm32f1.a(rcc.o)
 .debug_aranges
                0x0000000000000268       0x68 /home/rapha/Documents/GPRUFS/STM32_libopencm3_toolchain/libopencm3/lib/libopencm3_stm32f1.a(rcc_common_all.o)
 .debug_aranges
                0x00000000000002d0      0x268 /home/rapha/Documents/GPRUFS/STM32_libopencm3_toolchain/libopencm3/lib/libopencm3_stm32f1.a(timer_common_all.o)
 .debug_aranges
                0x0000000000000538       0x30 /home/rapha/Documents/GPRUFS/STM32_libopencm3_toolchain/libopencm3/lib/libopencm3_stm32f1.a(vector.o)
 .debug_aranges
                0x0000000000000568       0x78 /home/rapha/Documents/GPRUFS/STM32_libopencm3_toolchain/libopencm3/lib/libopencm3_stm32f1.a(systick.o)
 .debug_aranges
                0x00000000000005e0       0x60 /home/rapha/Documents/GPRUFS/STM32_libopencm3_toolchain/libopencm3/lib/libopencm3_stm32f1.a(nvic.o)
 .debug_aranges
                0x0000000000000640       0x38 /home/rapha/Documents/GPRUFS/STM32_libopencm3_toolchain/libopencm3/lib/libopencm3_stm32f1.a(flash_common_all.o)

.debug_ranges   0x0000000000000000      0x6d0
 .debug_ranges  0x0000000000000000       0x38 ./objs/dac_tim.o
 .debug_ranges  0x0000000000000038       0x98 ./objs/time_stm32.o
 .debug_ranges  0x00000000000000d0       0x28 /home/rapha/Documents/GPRUFS/STM32_libopencm3_toolchain/libopencm3/lib/libopencm3_stm32f1.a(gpio.o)
 .debug_ranges  0x00000000000000f8       0x40 /home/rapha/Documents/GPRUFS/STM32_libopencm3_toolchain/libopencm3/lib/libopencm3_stm32f1.a(gpio_common_all.o)
 .debug_ranges  0x0000000000000138      0x1b8 /home/rapha/Documents/GPRUFS/STM32_libopencm3_toolchain/libopencm3/lib/libopencm3_stm32f1.a(rcc.o)
 .debug_ranges  0x00000000000002f0       0x58 /home/rapha/Documents/GPRUFS/STM32_libopencm3_toolchain/libopencm3/lib/libopencm3_stm32f1.a(rcc_common_all.o)
 .debug_ranges  0x0000000000000348      0x258 /home/rapha/Documents/GPRUFS/STM32_libopencm3_toolchain/libopencm3/lib/libopencm3_stm32f1.a(timer_common_all.o)
 .debug_ranges  0x00000000000005a0       0x38 /home/rapha/Documents/GPRUFS/STM32_libopencm3_toolchain/libopencm3/lib/libopencm3_stm32f1.a(vector.o)
 .debug_ranges  0x00000000000005d8       0x80 /home/rapha/Documents/GPRUFS/STM32_libopencm3_toolchain/libopencm3/lib/libopencm3_stm32f1.a(systick.o)
 .debug_ranges  0x0000000000000658       0x50 /home/rapha/Documents/GPRUFS/STM32_libopencm3_toolchain/libopencm3/lib/libopencm3_stm32f1.a(nvic.o)
 .debug_ranges  0x00000000000006a8       0x28 /home/rapha/Documents/GPRUFS/STM32_libopencm3_toolchain/libopencm3/lib/libopencm3_stm32f1.a(flash_common_all.o)

.debug_line     0x0000000000000000     0x3b7d
 .debug_line    0x0000000000000000      0x43b ./objs/dac_tim.o
 .debug_line    0x000000000000043b      0x315 ./objs/time_stm32.o
 .debug_line    0x0000000000000750      0x331 /home/rapha/Documents/GPRUFS/STM32_libopencm3_toolchain/libopencm3/lib/libopencm3_stm32f1.a(gpio.o)
 .debug_line    0x0000000000000a81      0x354 /home/rapha/Documents/GPRUFS/STM32_libopencm3_toolchain/libopencm3/lib/libopencm3_stm32f1.a(gpio_common_all.o)
 .debug_line    0x0000000000000dd5      0xc6e /home/rapha/Documents/GPRUFS/STM32_libopencm3_toolchain/libopencm3/lib/libopencm3_stm32f1.a(rcc.o)
 .debug_line    0x0000000000001a43      0x3d5 /home/rapha/Documents/GPRUFS/STM32_libopencm3_toolchain/libopencm3/lib/libopencm3_stm32f1.a(rcc_common_all.o)
 .debug_line    0x0000000000001e18     0x1027 /home/rapha/Documents/GPRUFS/STM32_libopencm3_toolchain/libopencm3/lib/libopencm3_stm32f1.a(timer_common_all.o)
 .debug_line    0x0000000000002e3f      0x382 /home/rapha/Documents/GPRUFS/STM32_libopencm3_toolchain/libopencm3/lib/libopencm3_stm32f1.a(vector.o)
 .debug_line    0x00000000000031c1      0x34d /home/rapha/Documents/GPRUFS/STM32_libopencm3_toolchain/libopencm3/lib/libopencm3_stm32f1.a(systick.o)
 .debug_line    0x000000000000350e      0x36a /home/rapha/Documents/GPRUFS/STM32_libopencm3_toolchain/libopencm3/lib/libopencm3_stm32f1.a(nvic.o)
 .debug_line    0x0000000000003878      0x305 /home/rapha/Documents/GPRUFS/STM32_libopencm3_toolchain/libopencm3/lib/libopencm3_stm32f1.a(flash_common_all.o)

.debug_str      0x0000000000000000    0x13a13
 .debug_str     0x0000000000000000      0x5dd ./objs/dac_tim.o
                                        0x685 (size before relaxing)
 .debug_str     0x00000000000005dd      0x11c ./objs/time_stm32.o
                                        0x2bf (size before relaxing)
 .debug_str     0x00000000000006f9     0x836b /home/rapha/Documents/GPRUFS/STM32_libopencm3_toolchain/libopencm3/lib/libopencm3_stm32f1.a(gpio.o)
                                       0x8513 (size before relaxing)
 .debug_str     0x0000000000008a64       0x60 /home/rapha/Documents/GPRUFS/STM32_libopencm3_toolchain/libopencm3/lib/libopencm3_stm32f1.a(gpio_common_all.o)
                                       0x8507 (size before relaxing)
 .debug_str     0x0000000000008ac4     0x30dc /home/rapha/Documents/GPRUFS/STM32_libopencm3_toolchain/libopencm3/lib/libopencm3_stm32f1.a(rcc.o)
                                       0x7e06 (size before relaxing)
 .debug_str     0x000000000000bba0      0x35b /home/rapha/Documents/GPRUFS/STM32_libopencm3_toolchain/libopencm3/lib/libopencm3_stm32f1.a(rcc_common_all.o)
                                       0x771c (size before relaxing)
 .debug_str     0x000000000000befb     0x4a84 /home/rapha/Documents/GPRUFS/STM32_libopencm3_toolchain/libopencm3/lib/libopencm3_stm32f1.a(timer_common_all.o)
                                       0xbcd5 (size before relaxing)
 .debug_str     0x000000000001097f     0x24f2 /home/rapha/Documents/GPRUFS/STM32_libopencm3_toolchain/libopencm3/lib/libopencm3_stm32f1.a(vector.o)
                                       0x6643 (size before relaxing)
 .debug_str     0x0000000000012e71      0x2d0 /home/rapha/Documents/GPRUFS/STM32_libopencm3_toolchain/libopencm3/lib/libopencm3_stm32f1.a(systick.o)
                                       0x44bb (size before relaxing)
 .debug_str     0x0000000000013141      0x86e /home/rapha/Documents/GPRUFS/STM32_libopencm3_toolchain/libopencm3/lib/libopencm3_stm32f1.a(nvic.o)
                                       0x51f8 (size before relaxing)
 .debug_str     0x00000000000139af       0x64 /home/rapha/Documents/GPRUFS/STM32_libopencm3_toolchain/libopencm3/lib/libopencm3_stm32f1.a(flash_common_all.o)
                                       0x54df (size before relaxing)

.comment        0x0000000000000000       0x93
 .comment       0x0000000000000000       0x1e ./objs/dac_tim.o
                                         0x1f (size before relaxing)
 .comment       0x000000000000001e       0x1f ./objs/time_stm32.o
 .comment       0x000000000000001e       0x75 /home/rapha/Documents/GPRUFS/STM32_libopencm3_toolchain/libopencm3/lib/libopencm3_stm32f1.a(gpio.o)
                                         0x76 (size before relaxing)
 .comment       0x0000000000000093       0x76 /home/rapha/Documents/GPRUFS/STM32_libopencm3_toolchain/libopencm3/lib/libopencm3_stm32f1.a(gpio_common_all.o)
 .comment       0x0000000000000093       0x76 /home/rapha/Documents/GPRUFS/STM32_libopencm3_toolchain/libopencm3/lib/libopencm3_stm32f1.a(rcc.o)
 .comment       0x0000000000000093       0x76 /home/rapha/Documents/GPRUFS/STM32_libopencm3_toolchain/libopencm3/lib/libopencm3_stm32f1.a(rcc_common_all.o)
 .comment       0x0000000000000093       0x76 /home/rapha/Documents/GPRUFS/STM32_libopencm3_toolchain/libopencm3/lib/libopencm3_stm32f1.a(timer_common_all.o)
 .comment       0x0000000000000093       0x76 /home/rapha/Documents/GPRUFS/STM32_libopencm3_toolchain/libopencm3/lib/libopencm3_stm32f1.a(vector.o)
 .comment       0x0000000000000093       0x76 /home/rapha/Documents/GPRUFS/STM32_libopencm3_toolchain/libopencm3/lib/libopencm3_stm32f1.a(systick.o)
 .comment       0x0000000000000093       0x76 /home/rapha/Documents/GPRUFS/STM32_libopencm3_toolchain/libopencm3/lib/libopencm3_stm32f1.a(nvic.o)
 .comment       0x0000000000000093       0x76 /home/rapha/Documents/GPRUFS/STM32_libopencm3_toolchain/libopencm3/lib/libopencm3_stm32f1.a(flash_common_all.o)

.ARM.attributes
                0x0000000000000000       0x2d
 .ARM.attributes
                0x0000000000000000       0x2d ./objs/dac_tim.o
 .ARM.attributes
                0x000000000000002d       0x2d ./objs/time_stm32.o
 .ARM.attributes
                0x000000000000005a       0x2d /usr/lib/gcc/arm-none-eabi/10.1.0/../../../../arm-none-eabi/lib/thumb/v7-m/nofp/libm.a(lib_a-s_sin.o)
 .ARM.attributes
                0x0000000000000087       0x2d /usr/lib/gcc/arm-none-eabi/10.1.0/../../../../arm-none-eabi/lib/thumb/v7-m/nofp/libm.a(lib_a-e_rem_pio2.o)
 .ARM.attributes
                0x00000000000000b4       0x2d /usr/lib/gcc/arm-none-eabi/10.1.0/../../../../arm-none-eabi/lib/thumb/v7-m/nofp/libm.a(lib_a-k_cos.o)
 .ARM.attributes
                0x00000000000000e1       0x2d /usr/lib/gcc/arm-none-eabi/10.1.0/../../../../arm-none-eabi/lib/thumb/v7-m/nofp/libm.a(lib_a-k_rem_pio2.o)
 .ARM.attributes
                0x000000000000010e       0x2d /usr/lib/gcc/arm-none-eabi/10.1.0/../../../../arm-none-eabi/lib/thumb/v7-m/nofp/libm.a(lib_a-k_sin.o)
 .ARM.attributes
                0x000000000000013b       0x2d /usr/lib/gcc/arm-none-eabi/10.1.0/../../../../arm-none-eabi/lib/thumb/v7-m/nofp/libm.a(lib_a-s_fabs.o)
 .ARM.attributes
                0x0000000000000168       0x2d /usr/lib/gcc/arm-none-eabi/10.1.0/../../../../arm-none-eabi/lib/thumb/v7-m/nofp/libm.a(lib_a-s_floor.o)
 .ARM.attributes
                0x0000000000000195       0x2d /usr/lib/gcc/arm-none-eabi/10.1.0/../../../../arm-none-eabi/lib/thumb/v7-m/nofp/libm.a(lib_a-s_scalbn.o)
 .ARM.attributes
                0x00000000000001c2       0x1d /usr/lib/gcc/arm-none-eabi/10.1.0/thumb/v7-m/nofp/libgcc.a(_arm_muldf3.o)
 .ARM.attributes
                0x00000000000001df       0x1d /usr/lib/gcc/arm-none-eabi/10.1.0/thumb/v7-m/nofp/libgcc.a(_arm_mulsf3.o)
 .ARM.attributes
                0x00000000000001fc       0x1d /usr/lib/gcc/arm-none-eabi/10.1.0/thumb/v7-m/nofp/libgcc.a(_arm_addsubdf3.o)
 .ARM.attributes
                0x0000000000000219       0x1d /usr/lib/gcc/arm-none-eabi/10.1.0/thumb/v7-m/nofp/libgcc.a(_arm_cmpdf2.o)
 .ARM.attributes
                0x0000000000000236       0x1d /usr/lib/gcc/arm-none-eabi/10.1.0/thumb/v7-m/nofp/libgcc.a(_arm_fixdfsi.o)
 .ARM.attributes
                0x0000000000000253       0x1d /usr/lib/gcc/arm-none-eabi/10.1.0/thumb/v7-m/nofp/libgcc.a(_arm_truncdfsf2.o)
 .ARM.attributes
                0x0000000000000270       0x1d /usr/lib/gcc/arm-none-eabi/10.1.0/thumb/v7-m/nofp/libgcc.a(_arm_addsubsf3.o)
 .ARM.attributes
                0x000000000000028d       0x1d /usr/lib/gcc/arm-none-eabi/10.1.0/thumb/v7-m/nofp/libgcc.a(_arm_cmpsf2.o)
 .ARM.attributes
                0x00000000000002aa       0x1d /usr/lib/gcc/arm-none-eabi/10.1.0/thumb/v7-m/nofp/libgcc.a(_arm_fixunssfsi.o)
 .ARM.attributes
                0x00000000000002c7       0x2d /home/rapha/Documents/GPRUFS/STM32_libopencm3_toolchain/libopencm3/lib/libopencm3_stm32f1.a(gpio.o)
 .ARM.attributes
                0x00000000000002f4       0x2d /home/rapha/Documents/GPRUFS/STM32_libopencm3_toolchain/libopencm3/lib/libopencm3_stm32f1.a(gpio_common_all.o)
 .ARM.attributes
                0x0000000000000321       0x2d /home/rapha/Documents/GPRUFS/STM32_libopencm3_toolchain/libopencm3/lib/libopencm3_stm32f1.a(rcc.o)
 .ARM.attributes
                0x000000000000034e       0x2d /home/rapha/Documents/GPRUFS/STM32_libopencm3_toolchain/libopencm3/lib/libopencm3_stm32f1.a(rcc_common_all.o)
 .ARM.attributes
                0x000000000000037b       0x2d /home/rapha/Documents/GPRUFS/STM32_libopencm3_toolchain/libopencm3/lib/libopencm3_stm32f1.a(timer_common_all.o)
 .ARM.attributes
                0x00000000000003a8       0x2d /home/rapha/Documents/GPRUFS/STM32_libopencm3_toolchain/libopencm3/lib/libopencm3_stm32f1.a(vector.o)
 .ARM.attributes
                0x00000000000003d5       0x2d /home/rapha/Documents/GPRUFS/STM32_libopencm3_toolchain/libopencm3/lib/libopencm3_stm32f1.a(systick.o)
 .ARM.attributes
                0x0000000000000402       0x2d /home/rapha/Documents/GPRUFS/STM32_libopencm3_toolchain/libopencm3/lib/libopencm3_stm32f1.a(nvic.o)
 .ARM.attributes
                0x000000000000042f       0x2d /home/rapha/Documents/GPRUFS/STM32_libopencm3_toolchain/libopencm3/lib/libopencm3_stm32f1.a(flash_common_all.o)

.debug_frame    0x0000000000000000     0x11e0
 .debug_frame   0x0000000000000000       0xb4 ./objs/dac_tim.o
 .debug_frame   0x00000000000000b4       0x84 ./objs/time_stm32.o
 .debug_frame   0x0000000000000138       0x3c /usr/lib/gcc/arm-none-eabi/10.1.0/../../../../arm-none-eabi/lib/thumb/v7-m/nofp/libm.a(lib_a-s_sin.o)
 .debug_frame   0x0000000000000174       0x4c /usr/lib/gcc/arm-none-eabi/10.1.0/../../../../arm-none-eabi/lib/thumb/v7-m/nofp/libm.a(lib_a-e_rem_pio2.o)
 .debug_frame   0x00000000000001c0       0x48 /usr/lib/gcc/arm-none-eabi/10.1.0/../../../../arm-none-eabi/lib/thumb/v7-m/nofp/libm.a(lib_a-k_cos.o)
 .debug_frame   0x0000000000000208       0x58 /usr/lib/gcc/arm-none-eabi/10.1.0/../../../../arm-none-eabi/lib/thumb/v7-m/nofp/libm.a(lib_a-k_rem_pio2.o)
 .debug_frame   0x0000000000000260       0x48 /usr/lib/gcc/arm-none-eabi/10.1.0/../../../../arm-none-eabi/lib/thumb/v7-m/nofp/libm.a(lib_a-k_sin.o)
 .debug_frame   0x00000000000002a8       0x20 /usr/lib/gcc/arm-none-eabi/10.1.0/../../../../arm-none-eabi/lib/thumb/v7-m/nofp/libm.a(lib_a-s_fabs.o)
 .debug_frame   0x00000000000002c8       0x30 /usr/lib/gcc/arm-none-eabi/10.1.0/../../../../arm-none-eabi/lib/thumb/v7-m/nofp/libm.a(lib_a-s_floor.o)
 .debug_frame   0x00000000000002f8       0x30 /usr/lib/gcc/arm-none-eabi/10.1.0/../../../../arm-none-eabi/lib/thumb/v7-m/nofp/libm.a(lib_a-s_scalbn.o)
 .debug_frame   0x0000000000000328       0x30 /usr/lib/gcc/arm-none-eabi/10.1.0/thumb/v7-m/nofp/libgcc.a(_arm_muldf3.o)
 .debug_frame   0x0000000000000358       0x24 /usr/lib/gcc/arm-none-eabi/10.1.0/thumb/v7-m/nofp/libgcc.a(_arm_mulsf3.o)
 .debug_frame   0x000000000000037c       0xac /usr/lib/gcc/arm-none-eabi/10.1.0/thumb/v7-m/nofp/libgcc.a(_arm_addsubdf3.o)
 .debug_frame   0x0000000000000428       0xc4 /usr/lib/gcc/arm-none-eabi/10.1.0/thumb/v7-m/nofp/libgcc.a(_arm_cmpdf2.o)
 .debug_frame   0x00000000000004ec       0x24 /usr/lib/gcc/arm-none-eabi/10.1.0/thumb/v7-m/nofp/libgcc.a(_arm_fixdfsi.o)
 .debug_frame   0x0000000000000510       0x24 /usr/lib/gcc/arm-none-eabi/10.1.0/thumb/v7-m/nofp/libgcc.a(_arm_truncdfsf2.o)
 .debug_frame   0x0000000000000534       0x4c /usr/lib/gcc/arm-none-eabi/10.1.0/thumb/v7-m/nofp/libgcc.a(_arm_addsubsf3.o)
 .debug_frame   0x0000000000000580       0xc8 /usr/lib/gcc/arm-none-eabi/10.1.0/thumb/v7-m/nofp/libgcc.a(_arm_cmpsf2.o)
 .debug_frame   0x0000000000000648       0x24 /usr/lib/gcc/arm-none-eabi/10.1.0/thumb/v7-m/nofp/libgcc.a(_arm_fixunssfsi.o)
 .debug_frame   0x000000000000066c       0x60 /home/rapha/Documents/GPRUFS/STM32_libopencm3_toolchain/libopencm3/lib/libopencm3_stm32f1.a(gpio.o)
 .debug_frame   0x00000000000006cc       0x80 /home/rapha/Documents/GPRUFS/STM32_libopencm3_toolchain/libopencm3/lib/libopencm3_stm32f1.a(gpio_common_all.o)
 .debug_frame   0x000000000000074c      0x2e0 /home/rapha/Documents/GPRUFS/STM32_libopencm3_toolchain/libopencm3/lib/libopencm3_stm32f1.a(rcc.o)
 .debug_frame   0x0000000000000a2c       0xd0 /home/rapha/Documents/GPRUFS/STM32_libopencm3_toolchain/libopencm3/lib/libopencm3_stm32f1.a(rcc_common_all.o)
 .debug_frame   0x0000000000000afc      0x4d0 /home/rapha/Documents/GPRUFS/STM32_libopencm3_toolchain/libopencm3/lib/libopencm3_stm32f1.a(timer_common_all.o)
 .debug_frame   0x0000000000000fcc       0x4c /home/rapha/Documents/GPRUFS/STM32_libopencm3_toolchain/libopencm3/lib/libopencm3_stm32f1.a(vector.o)
 .debug_frame   0x0000000000001018       0xd8 /home/rapha/Documents/GPRUFS/STM32_libopencm3_toolchain/libopencm3/lib/libopencm3_stm32f1.a(systick.o)
 .debug_frame   0x00000000000010f0       0xa0 /home/rapha/Documents/GPRUFS/STM32_libopencm3_toolchain/libopencm3/lib/libopencm3_stm32f1.a(nvic.o)
 .debug_frame   0x0000000000001190       0x50 /home/rapha/Documents/GPRUFS/STM32_libopencm3_toolchain/libopencm3/lib/libopencm3_stm32f1.a(flash_common_all.o)

.debug_macro    0x0000000000000000     0x4858
 .debug_macro   0x0000000000000000       0xb8 /home/rapha/Documents/GPRUFS/STM32_libopencm3_toolchain/libopencm3/lib/libopencm3_stm32f1.a(gpio.o)
 .debug_macro   0x00000000000000b8      0xa84 /home/rapha/Documents/GPRUFS/STM32_libopencm3_toolchain/libopencm3/lib/libopencm3_stm32f1.a(gpio.o)
 .debug_macro   0x0000000000000b3c       0x1c /home/rapha/Documents/GPRUFS/STM32_libopencm3_toolchain/libopencm3/lib/libopencm3_stm32f1.a(gpio.o)
 .debug_macro   0x0000000000000b58       0x22 /home/rapha/Documents/GPRUFS/STM32_libopencm3_toolchain/libopencm3/lib/libopencm3_stm32f1.a(gpio.o)
 .debug_macro   0x0000000000000b7a       0x56 /home/rapha/Documents/GPRUFS/STM32_libopencm3_toolchain/libopencm3/lib/libopencm3_stm32f1.a(gpio.o)
 .debug_macro   0x0000000000000bd0       0x51 /home/rapha/Documents/GPRUFS/STM32_libopencm3_toolchain/libopencm3/lib/libopencm3_stm32f1.a(gpio.o)
 .debug_macro   0x0000000000000c21       0xef /home/rapha/Documents/GPRUFS/STM32_libopencm3_toolchain/libopencm3/lib/libopencm3_stm32f1.a(gpio.o)
 .debug_macro   0x0000000000000d10       0x6a /home/rapha/Documents/GPRUFS/STM32_libopencm3_toolchain/libopencm3/lib/libopencm3_stm32f1.a(gpio.o)
 .debug_macro   0x0000000000000d7a      0x1df /home/rapha/Documents/GPRUFS/STM32_libopencm3_toolchain/libopencm3/lib/libopencm3_stm32f1.a(gpio.o)
 .debug_macro   0x0000000000000f59       0x22 /home/rapha/Documents/GPRUFS/STM32_libopencm3_toolchain/libopencm3/lib/libopencm3_stm32f1.a(gpio.o)
 .debug_macro   0x0000000000000f7b       0xe8 /home/rapha/Documents/GPRUFS/STM32_libopencm3_toolchain/libopencm3/lib/libopencm3_stm32f1.a(gpio.o)
 .debug_macro   0x0000000000001063       0x58 /home/rapha/Documents/GPRUFS/STM32_libopencm3_toolchain/libopencm3/lib/libopencm3_stm32f1.a(gpio.o)
 .debug_macro   0x00000000000010bb      0x1b4 /home/rapha/Documents/GPRUFS/STM32_libopencm3_toolchain/libopencm3/lib/libopencm3_stm32f1.a(gpio.o)
 .debug_macro   0x000000000000126f       0x76 /home/rapha/Documents/GPRUFS/STM32_libopencm3_toolchain/libopencm3/lib/libopencm3_stm32f1.a(gpio.o)
 .debug_macro   0x00000000000012e5      0xe04 /home/rapha/Documents/GPRUFS/STM32_libopencm3_toolchain/libopencm3/lib/libopencm3_stm32f1.a(gpio.o)
 .debug_macro   0x00000000000020e9       0xb8 /home/rapha/Documents/GPRUFS/STM32_libopencm3_toolchain/libopencm3/lib/libopencm3_stm32f1.a(gpio_common_all.o)
 .debug_macro   0x00000000000021a1       0xe7 /home/rapha/Documents/GPRUFS/STM32_libopencm3_toolchain/libopencm3/lib/libopencm3_stm32f1.a(rcc.o)
 .debug_macro   0x0000000000002288       0x16 /home/rapha/Documents/GPRUFS/STM32_libopencm3_toolchain/libopencm3/lib/libopencm3_stm32f1.a(rcc.o)
 .debug_macro   0x000000000000229e      0x82c /home/rapha/Documents/GPRUFS/STM32_libopencm3_toolchain/libopencm3/lib/libopencm3_stm32f1.a(rcc.o)
 .debug_macro   0x0000000000002aca       0xee /home/rapha/Documents/GPRUFS/STM32_libopencm3_toolchain/libopencm3/lib/libopencm3_stm32f1.a(rcc.o)
 .debug_macro   0x0000000000002bb8       0x82 /home/rapha/Documents/GPRUFS/STM32_libopencm3_toolchain/libopencm3/lib/libopencm3_stm32f1.a(rcc.o)
 .debug_macro   0x0000000000002c3a       0xce /home/rapha/Documents/GPRUFS/STM32_libopencm3_toolchain/libopencm3/lib/libopencm3_stm32f1.a(rcc_common_all.o)
 .debug_macro   0x0000000000002d08       0xcb /home/rapha/Documents/GPRUFS/STM32_libopencm3_toolchain/libopencm3/lib/libopencm3_stm32f1.a(timer_common_all.o)
 .debug_macro   0x0000000000002dd3      0xf9a /home/rapha/Documents/GPRUFS/STM32_libopencm3_toolchain/libopencm3/lib/libopencm3_stm32f1.a(timer_common_all.o)
 .debug_macro   0x0000000000003d6d       0xcf /home/rapha/Documents/GPRUFS/STM32_libopencm3_toolchain/libopencm3/lib/libopencm3_stm32f1.a(vector.o)
 .debug_macro   0x0000000000003e3c      0x3a4 /home/rapha/Documents/GPRUFS/STM32_libopencm3_toolchain/libopencm3/lib/libopencm3_stm32f1.a(vector.o)
 .debug_macro   0x00000000000041e0       0x6d /home/rapha/Documents/GPRUFS/STM32_libopencm3_toolchain/libopencm3/lib/libopencm3_stm32f1.a(vector.o)
 .debug_macro   0x000000000000424d      0x1a2 /home/rapha/Documents/GPRUFS/STM32_libopencm3_toolchain/libopencm3/lib/libopencm3_stm32f1.a(vector.o)
 .debug_macro   0x00000000000043ef       0x92 /home/rapha/Documents/GPRUFS/STM32_libopencm3_toolchain/libopencm3/lib/libopencm3_stm32f1.a(systick.o)
 .debug_macro   0x0000000000004481       0x64 /home/rapha/Documents/GPRUFS/STM32_libopencm3_toolchain/libopencm3/lib/libopencm3_stm32f1.a(systick.o)
 .debug_macro   0x00000000000044e5       0xb3 /home/rapha/Documents/GPRUFS/STM32_libopencm3_toolchain/libopencm3/lib/libopencm3_stm32f1.a(nvic.o)
 .debug_macro   0x0000000000004598       0x67 /home/rapha/Documents/GPRUFS/STM32_libopencm3_toolchain/libopencm3/lib/libopencm3_stm32f1.a(nvic.o)
 .debug_macro   0x00000000000045ff      0x199 /home/rapha/Documents/GPRUFS/STM32_libopencm3_toolchain/libopencm3/lib/libopencm3_stm32f1.a(nvic.o)
 .debug_macro   0x0000000000004798       0xc0 /home/rapha/Documents/GPRUFS/STM32_libopencm3_toolchain/libopencm3/lib/libopencm3_stm32f1.a(flash_common_all.o)
